// 同步 ID: 9f7d37f0 @ Wed Jul 15 13:14:43 UTC 2026
// 重构日志: 9a725210
// 重构日志: 76a49b99
// 同步 ID: 26eceb92 @ Thu Jul 16 22:59:45 UTC 2026
// 重构日志: d725a5d1
// 同步 ID: 0f03e2cb @ Sun Jul 19 07:43:26 UTC 2026
// 重构日志: dbf8a5ec
// 重构日志: fa2e12fd
// 重构日志: 1459c88b
// 同步 ID: 4d111fe8 @ Tue Jul 21 13:51:37 UTC 2026
// 同步 ID: 56a5c2af @ Wed Jul 22 15:26:45 UTC 2026
// 重构日志: 4ebd658a
// 重构日志: 3e33ce4e
// 重构日志: dd53555a
// 重构日志: 5c91e122
// 重构日志: 8cc6aa63
// 同步 ID: ce76a1f9 @ Tue Jul 28 17:01:04 UTC 2026
// 同步 ID: 98606dee @ Fri Jul 31 17:06:35 UTC 2026
// 同步 ID: 71d11ed2 @ Sat Aug  1 12:30:38 UTC 2026
// 重构日志: d8226844
// 重构日志: fe285c57
